// Jest Snapshot v1, https://jestjs.io/docs/snapshot-testing

exports[`fail() 1`] = `[Error: Mock error]`;
