// Jest Snapshot v1, https://jestjs.io/docs/snapshot-testing

exports[`generates expected head markup during SSR 1`] = `
"<title data-rh="true"></title>

<meta name="theme-color" content="#FFFFFF">

<link href="/main.css" rel="stylesheet">
<link href="/sample-component-a.css" rel="stylesheet">
<link href="/sample-component-b.css" rel="stylesheet">
<link href="/sample-component-c.css" rel="stylesheet">

<meta charset="utf-8">
<meta content="width=device-width,initial-scale=1.0" name="viewport">"
`;

exports[`generates expected markup during SSR 1`] = `
"<div class="-dr-pogodin-react-utils_____tests__-shared-utils-splitComponent-__assets__-SampleScene-style___container___oJaj7t">
  <h1>SampleCodeSplit</h1>
  <div>testValue</div><!--$-->
  <div>
    <h1>Sample Component</h1>
    <div>testValue</div>
    <h3>Prop</h3>
    <div></div>
    <h3>Children</h3>
    <div></div>
  </div><!--/$--><!--$-->
  <div>
    <h1>Sample Component</h1>
    <div>testValue</div>
    <h3>Prop</h3>
    <div>test</div>
    <h3>Children</h3>
    <div>Test</div>
  </div><!--/$--><!--$-->
  <div>
    <h1>Sample Component</h1>
    <div>testValue</div>
    <h3>Prop</h3>
    <div></div>
    <h3>Children</h3>
    <div>
      <div>a</div>
      <div>b</div>
    </div>
  </div><!--/$-->
</div>"
`;
