// Jest Snapshot v1, https://jestjs.io/docs/snapshot-testing

exports[`generates expected markup during SSR 1`] = `"<link rel="preload" as="image" href="/images/cd564973d92d0a8a8a17.png"><img alt="logo" src="/images/cd564973d92d0a8a8a17.png">"`;
