// Jest Snapshot v1, https://jestjs.io/docs/snapshot-testing

exports[`Matches snapshots when active 1`] = `
<div
  class="-dr-pogodin-react-utils___src-shared-components-Button-style___button___E1FNQT AD_TAG HOC_TAG BUTTON_CLASS -dr-pogodin-react-utils___src-shared-components-Button-style___active___MAe9O6 AD_TAG HOC_TAG ACTIVE_CLASS"
  role="button"
  tabindex="0"
>
  BUTTON
</div>
`;

exports[`Matches snapshots when disabled 1`] = `
<div
  class="-dr-pogodin-react-utils___src-shared-components-Button-style___button___E1FNQT AD_TAG HOC_TAG BUTTON_CLASS -dr-pogodin-react-utils___src-shared-components-Button-style___disabled___Br9IWV AD_TAG HOC_TAG DISABLED_CLASS"
>
  BUTTON
</div>
`;

exports[`Matches snapshots when disabled 2`] = `
<div
  class="-dr-pogodin-react-utils___src-shared-components-Button-style___button___E1FNQT AD_TAG HOC_TAG BUTTON_CLASS -dr-pogodin-react-utils___src-shared-components-Button-style___disabled___Br9IWV"
>
  BUTTON
</div>
`;

exports[`Matches snapshots when rendered as link 1`] = `
<a
  class="-dr-pogodin-react-utils___src-shared-components-Button-style___button___E1FNQT AD_TAG HOC_TAG BUTTON_CLASS -dr-pogodin-react-utils___src-shared-components-Button-style___active___MAe9O6 AD_TAG HOC_TAG ACTIVE_CLASS"
  href="/SOME/TEST/URL"
>
  BUTTON
</a>
`;
