// Jest Snapshot v1, https://goo.gl/fbAQLP

exports[`Matches snapshots 1`] = `
<GenericLink
  className={null}
  enforceA={false}
  onClick={null}
  onKeyDown={null}
  onMouseDown={null}
  openNewTab={false}
  replace={false}
  routerLinkType={[Function]}
  to=""
/>
`;
