// Jest Snapshot v1, https://jestjs.io/docs/snapshot-testing

exports[`Matches snapshots 1`] = `
<a
  href="/"
/>
`;
