// Jest Snapshot v1, https://jestjs.io/docs/snapshot-testing

exports[`emits expected CSS 1`] = `
"/*!************************************************************************************************************************************************************************************************************************************************************************************************************************************************!*\\
  !*** css ../../../node_modules/css-loader/dist/cjs.js??ruleSet[1].rules[3].use[1]!../../../node_modules/postcss-loader/dist/cjs.js??ruleSet[1].rules[3].use[2]!../../../node_modules/resolve-url-loader/index.js!../../../node_modules/sass-loader/dist/cjs.js??ruleSet[1].rules[3].use[4]!./__assets__/MockPackageA/TestComponent/style.scss ***!
  \\************************************************************************************************************************************************************************************************************************************************************************************************************************************************/
/*
  Sample multi-line comment
*/
.mock-package-a-ts___TestComponent-style___testClassName___SjBfrO {
  background: red;
  width: 10px;
  height: 10px;
}
/*!*********************************************************************************************************************************************************************************************************************************************************************************************************************!*\\
  !*** css ../../../node_modules/css-loader/dist/cjs.js??ruleSet[1].rules[3].use[1]!../../../node_modules/postcss-loader/dist/cjs.js??ruleSet[1].rules[3].use[2]!../../../node_modules/resolve-url-loader/index.js!../../../node_modules/sass-loader/dist/cjs.js??ruleSet[1].rules[3].use[4]!./__assets__/style.scss ***!
  \\*********************************************************************************************************************************************************************************************************************************************************************************************************************/
.-dr-pogodin-react-utils_____tests__-config-stylename-generation-__assets__-style___sampleClassName___QXUpkv {
  color: blue;
}
/*!************************************************************************************************************************************************************************************************************************************************************************************************************************************************!*\\
  !*** css ../../../node_modules/css-loader/dist/cjs.js??ruleSet[1].rules[3].use[1]!../../../node_modules/postcss-loader/dist/cjs.js??ruleSet[1].rules[3].use[2]!../../../node_modules/resolve-url-loader/index.js!../../../node_modules/sass-loader/dist/cjs.js??ruleSet[1].rules[3].use[4]!./__assets__/MockPackageB/TestComponent/style.scss ***!
  \\************************************************************************************************************************************************************************************************************************************************************************************************************************************************/
/*
  Sample multi-line comment
*/
.-mock-scope-mock-package_b-ts___TestComponent-style___testClassName___MzIKg7 {
  background: green;
  width: 10px;
  height: 10px;
}
"
`;
