// Jest Snapshot v1, https://jestjs.io/docs/snapshot-testing

exports[`generates expected SSR markup 1`] = `"<div><div></div><div>Hello World!</div></div>"`;
